// Jest Snapshot v1, https://goo.gl/fbAQLP

exports[`rendering connected root 1`] = `
<Component>
  <Switch>
    <Route
      component={[Function]}
      path="/rad"
    />
    <Route
      render={[Function]}
    />
  </Switch>
</Component>
`;
